[    0.000000] Linux version 4.15.0-70-generic (buildd@lgw01-amd64-055) (gcc version 7.4.0 (Ubuntu 7.4.0-1ubuntu1~18.04.1)) #79-Ubuntu SMP Tue Nov 12 10:36:11 UTC 2019 (Ubuntu 4.15.0-70.79-generic 4.15.18)
[    0.000000] Command line: BOOT_IMAGE=/boot/vmlinuz-4.15.0-70-generic root=LABEL=cloudimg-rootfs ro console=tty1 console=ttyS0
[    0.000000] KERNEL supported cpus:
[    0.000000]   Intel GenuineIntel
[    0.000000]   AMD AuthenticAMD
[    0.000000]   Centaur CentaurHauls
[    0.000000] x86/fpu: Supporting XSAVE feature 0x001: 'x87 floating point registers'
[    0.000000] x86/fpu: Supporting XSAVE feature 0x002: 'SSE registers'
[    0.000000] x86/fpu: Supporting XSAVE feature 0x004: 'AVX registers'
[    0.000000] x86/fpu: xstate_offset[2]:  576, xstate_sizes[2]:  256
[    0.000000] x86/fpu: Enabled xstate features 0x7, context size is 832 bytes, using 'standard' format.
[    0.000000] e820: BIOS-provided physical RAM map:
[    0.000000] BIOS-e820: [mem 0x0000000000000000-0x000000000009fbff] usable
[    0.000000] BIOS-e820: [mem 0x000000000009fc00-0x000000000009ffff] reserved
[    0.000000] BIOS-e820: [mem 0x00000000000f0000-0x00000000000fffff] reserved
[    0.000000] BIOS-e820: [mem 0x0000000000100000-0x000000003ffeffff] usable
[    0.000000] BIOS-e820: [mem 0x000000003fff0000-0x000000003fffffff] ACPI data
[    0.000000] BIOS-e820: [mem 0x00000000fec00000-0x00000000fec00fff] reserved
[    0.000000] BIOS-e820: [mem 0x00000000fee00000-0x00000000fee00fff] reserved
[    0.000000] BIOS-e820: [mem 0x00000000fffc0000-0x00000000ffffffff] reserved
[    0.000000] NX (Execute Disable) protection: active
[    0.000000] SMBIOS 2.5 present.
[    0.000000] DMI: innotek GmbH VirtualBox/VirtualBox, BIOS VirtualBox 12/01/2006
[    0.000000] Hypervisor detected: KVM
[    0.000000] e820: last_pfn = 0x3fff0 max_arch_pfn = 0x400000000
[    0.000000] MTRR: Disabled
[    0.000000] x86/PAT: MTRRs disabled, skipping PAT initialization too.
[    0.000000] CPU MTRRs all blank - virtualized system.
[    0.000000] x86/PAT: Configuration [0-7]: WB  WT  UC- UC  WB  WT  UC- UC  
[    0.000000] found SMP MP-table at [mem 0x0009fff0-0x0009ffff]
[    0.000000] Scanning 1 areas for low memory corruption
[    0.000000] RAMDISK: [mem 0x35a89000-0x36d3bfff]
[    0.000000] ACPI: Early table checksum verification disabled
[    0.000000] ACPI: RSDP 0x00000000000E0000 000024 (v02 VBOX  )
[    0.000000] ACPI: XSDT 0x000000003FFF0030 00003C (v01 VBOX   VBOXXSDT 00000001 ASL  00000061)
[    0.000000] ACPI: FACP 0x000000003FFF00F0 0000F4 (v04 VBOX   VBOXFACP 00000001 ASL  00000061)
[    0.000000] ACPI: DSDT 0x000000003FFF0470 0022EA (v02 VBOX   VBOXBIOS 00000002 INTL 20100528)
[    0.000000] ACPI: FACS 0x000000003FFF0200 000040
[    0.000000] ACPI: FACS 0x000000003FFF0200 000040
[    0.000000] ACPI: APIC 0x000000003FFF0240 00005C (v02 VBOX   VBOXAPIC 00000001 ASL  00000061)
[    0.000000] ACPI: SSDT 0x000000003FFF02A0 0001CC (v01 VBOX   VBOXCPUT 00000002 INTL 20100528)
[    0.000000] No NUMA configuration found
[    0.000000] Faking a node at [mem 0x0000000000000000-0x000000003ffeffff]
[    0.000000] NODE_DATA(0) allocated [mem 0x3ffc5000-0x3ffeffff]
[    0.000000] kvm-clock: cpu 0, msr 0:3ff44001, primary cpu clock
[    0.000000] kvm-clock: Using msrs 4b564d01 and 4b564d00
[    0.000000] kvm-clock: using sched offset of 3589687763 cycles
[    0.000000] clocksource: kvm-clock: mask: 0xffffffffffffffff max_cycles: 0x1cd42e4dffb, max_idle_ns: 881590591483 ns
[    0.000000] Zone ranges:
[    0.000000]   DMA      [mem 0x0000000000001000-0x0000000000ffffff]
[    0.000000]   DMA32    [mem 0x0000000001000000-0x000000003ffeffff]
[    0.000000]   Normal   empty
[    0.000000]   Device   empty
[    0.000000] Movable zone start for each node
[    0.000000] Early memory node ranges
[    0.000000]   node   0: [mem 0x0000000000001000-0x000000000009efff]
[    0.000000]   node   0: [mem 0x0000000000100000-0x000000003ffeffff]
[    0.000000] Reserved but unavailable: 98 pages
[    0.000000] Initmem setup node 0 [mem 0x0000000000001000-0x000000003ffeffff]
[    0.000000] ACPI: PM-Timer IO Port: 0x4008
[    0.000000] IOAPIC[0]: apic_id 2, version 32, address 0xfec00000, GSI 0-23
[    0.000000] ACPI: INT_SRC_OVR (bus 0 bus_irq 0 global_irq 2 dfl dfl)
[    0.000000] ACPI: INT_SRC_OVR (bus 0 bus_irq 9 global_irq 9 low level)
[    0.000000] Using ACPI (MADT) for SMP configuration information
[    0.000000] smpboot: Allowing 2 CPUs, 0 hotplug CPUs
[    0.000000] PM: Registered nosave memory: [mem 0x00000000-0x00000fff]
[    0.000000] PM: Registered nosave memory: [mem 0x0009f000-0x0009ffff]
[    0.000000] PM: Registered nosave memory: [mem 0x000a0000-0x000effff]
[    0.000000] PM: Registered nosave memory: [mem 0x000f0000-0x000fffff]
[    0.000000] e820: [mem 0x40000000-0xfebfffff] available for PCI devices
[    0.000000] Booting paravirtualized kernel on KVM
[    0.000000] clocksource: refined-jiffies: mask: 0xffffffff max_cycles: 0xffffffff, max_idle_ns: 7645519600211568 ns
[    0.000000] random: get_random_bytes called from start_kernel+0x99/0x4fd with crng_init=0
[    0.000000] setup_percpu: NR_CPUS:8192 nr_cpumask_bits:2 nr_cpu_ids:2 nr_node_ids:1
[    0.000000] percpu: Embedded 45 pages/cpu s147456 r8192 d28672 u1048576
[    0.000000] PV qspinlock hash table entries: 256 (order: 0, 4096 bytes)
[    0.000000] Built 1 zonelists, mobility grouping on.  Total pages: 257913
[    0.000000] Policy zone: DMA32
[    0.000000] Kernel command line: BOOT_IMAGE=/boot/vmlinuz-4.15.0-70-generic root=LABEL=cloudimg-rootfs ro console=tty1 console=ttyS0
[    0.000000] Memory: 983440K/1048120K available (12300K kernel code, 2481K rwdata, 4264K rodata, 2432K init, 2388K bss, 64680K reserved, 0K cma-reserved)
[    0.000000] SLUB: HWalign=64, Order=0-3, MinObjects=0, CPUs=2, Nodes=1
[    0.000000] Kernel/User page tables isolation: enabled
[    0.000000] ftrace: allocating 39315 entries in 154 pages
[    0.004000] Hierarchical RCU implementation.
[    0.004000] 	RCU restricting CPUs from NR_CPUS=8192 to nr_cpu_ids=2.
[    0.004000] 	Tasks RCU enabled.
[    0.004000] RCU: Adjusting geometry for rcu_fanout_leaf=16, nr_cpu_ids=2
[    0.004000] NR_IRQS: 524544, nr_irqs: 440, preallocated irqs: 16
[    0.004000] Console: colour VGA+ 80x25
[    0.004000] console [tty1] enabled
[    0.004000] console [ttyS0] enabled
[    0.004000] ACPI: Core revision 20170831
[    0.004000] ACPI: 2 ACPI AML tables successfully acquired and loaded
[    0.004000] APIC: Switch to symmetric I/O mode setup
[    0.004000] x2apic enabled
[    0.004000] Switched APIC routing to physical x2apic.
[    0.004000] ..TIMER: vector=0x30 apic1=0 pin1=2 apic2=-1 pin2=-1
[    0.004003] tsc: Detected 2208.000 MHz processor
[    0.004735] Calibrating delay loop (skipped) preset value.. 4416.00 BogoMIPS (lpj=8832000)
[    0.005426] pid_max: default: 32768 minimum: 301
[    0.006186] Security Framework initialized
[    0.006847] Yama: becoming mindful.
[    0.008055] AppArmor: AppArmor initialized
[    0.010181] Dentry cache hash table entries: 131072 (order: 8, 1048576 bytes)
[    0.012062] Inode-cache hash table entries: 65536 (order: 7, 524288 bytes)
[    0.013670] Mount-cache hash table entries: 2048 (order: 2, 16384 bytes)
[    0.014738] Mountpoint-cache hash table entries: 2048 (order: 2, 16384 bytes)
[    0.016000] Last level iTLB entries: 4KB 64, 2MB 8, 4MB 8
[    0.016001] Last level dTLB entries: 4KB 64, 2MB 0, 4MB 0, 1GB 4
[    0.016937] Spectre V1 : Mitigation: usercopy/swapgs barriers and __user pointer sanitization
[    0.018367] Spectre V2 : Mitigation: Full generic retpoline
[    0.020002] Spectre V2 : Spectre v2 / SpectreRSB mitigation: Filling RSB on context switch
[    0.021504] Speculative Store Bypass: Vulnerable
[    0.022395] MDS: Mitigation: Clear CPU buffers
[    0.023252] Freeing SMP alternatives memory: 36K
[    0.134727] smpboot: CPU0: Intel(R) Core(TM) i7-8750H CPU @ 2.20GHz (family: 0x6, model: 0x9e, stepping: 0xa)
[    0.136000] Performance Events: unsupported p6 CPU model 158 no PMU driver, software events only.
[    0.136029] Hierarchical SRCU implementation.
[    0.137218] NMI watchdog: Perf event create on CPU 0 failed with -2
[    0.138275] NMI watchdog: Perf NMI watchdog permanently disabled
[    0.139390] smp: Bringing up secondary CPUs ...
[    0.140093] x86: Booting SMP configuration:
[    0.140807] .... node  #0, CPUs:      #1
[    0.004000] kvm-clock: cpu 1, msr 0:3ff44041, secondary cpu clock
[    0.144017] smp: Brought up 1 node, 2 CPUs
[    0.144816] smpboot: Max logical packages: 1
[    0.145853] smpboot: Total of 2 processors activated (8832.00 BogoMIPS)
[    0.148041] devtmpfs: initialized
[    0.148615] x86/mm: Memory block size: 128MB
[    0.149733] evm: security.selinux
[    0.150503] evm: security.SMACK64
[    0.151061] evm: security.SMACK64EXEC
[    0.151667] evm: security.SMACK64TRANSMUTE
[    0.152004] evm: security.SMACK64MMAP
[    0.152860] evm: security.apparmor
[    0.153439] evm: security.ima
[    0.153979] evm: security.capability
[    0.154630] clocksource: jiffies: mask: 0xffffffff max_cycles: 0xffffffff, max_idle_ns: 7645041785100000 ns
[    0.156014] futex hash table entries: 512 (order: 3, 32768 bytes)
[    0.158212] pinctrl core: initialized pinctrl subsystem
[    0.160023] RTC time:  0:01:51, date: 12/04/19
[    0.160897] NET: Registered protocol family 16
[    0.161740] audit: initializing netlink subsys (disabled)
[    0.162760] audit: type=2000 audit(1575417716.718:1): state=initialized audit_enabled=0 res=1
[    0.164008] cpuidle: using governor ladder
[    0.164692] cpuidle: using governor menu
[    0.165402] ACPI: bus type PCI registered
[    0.166069] acpiphp: ACPI Hot Plug PCI Controller Driver version: 0.5
[    0.168018] PCI: Using configuration type 1 for base access
[    0.168946] HugeTLB registered 2.00 MiB page size, pre-allocated 0 pages
[    0.169467] ACPI: Added _OSI(Module Device)
[    0.172008] ACPI: Added _OSI(Processor Device)
[    0.173142] ACPI: Added _OSI(3.0 _SCP Extensions)
[    0.174028] ACPI: Added _OSI(Processor Aggregator Device)
[    0.175725] ACPI: Added _OSI(Linux-Dell-Video)
[    0.176005] ACPI: Added _OSI(Linux-Lenovo-NV-HDMI-Audio)
[    0.176882] ACPI: Added _OSI(Linux-HPI-Hybrid-Graphics)
[    0.178148] ACPI: Executed 1 blocks of module-level executable AML code
[    0.182065] ACPI: Interpreter enabled
[    0.182700] ACPI: (supports S0 S5)
[    0.183350] ACPI: Using IOAPIC for interrupt routing
[    0.184000] PCI: Using host bridge windows from ACPI; if necessary, use "pci=nocrs" and report a bug
[    0.184174] ACPI: Enabled 2 GPEs in block 00 to 07
[    0.192610] ACPI: PCI Root Bridge [PCI0] (domain 0000 [bus 00-ff])
[    0.194074] acpi PNP0A03:00: _OSC: OS supports [ASPM ClockPM Segments MSI]
[    0.196000] acpi PNP0A03:00: _OSC: not requesting OS control; OS requires [ExtendedConfig ASPM ClockPM MSI]
[    0.196010] acpi PNP0A03:00: fail to add MMCONFIG information, can't access extended PCI configuration space under this bridge.
[    0.198170] PCI host bridge to bus 0000:00
[    0.200005] pci_bus 0000:00: root bus resource [io  0x0000-0x0cf7 window]
[    0.201456] pci_bus 0000:00: root bus resource [io  0x0d00-0xffff window]
[    0.202666] pci_bus 0000:00: root bus resource [mem 0x000a0000-0x000bffff window]
[    0.204004] pci_bus 0000:00: root bus resource [mem 0x40000000-0xfdffffff window]
[    0.205384] pci_bus 0000:00: root bus resource [bus 00-ff]
[    0.209602] pci 0000:00:01.1: legacy IDE quirk: reg 0x10: [io  0x01f0-0x01f7]
[    0.211083] pci 0000:00:01.1: legacy IDE quirk: reg 0x14: [io  0x03f6]
[    0.212003] pci 0000:00:01.1: legacy IDE quirk: reg 0x18: [io  0x0170-0x0177]
[    0.213628] pci 0000:00:01.1: legacy IDE quirk: reg 0x1c: [io  0x0376]
[    0.229832] pci 0000:00:07.0: quirk: [io  0x4000-0x403f] claimed by PIIX4 ACPI
[    0.231646] pci 0000:00:07.0: quirk: [io  0x4100-0x410f] claimed by PIIX4 SMB
[    0.237741] ACPI: PCI Interrupt Link [LNKA] (IRQs 5 9 10 *11)
[    0.239609] ACPI: PCI Interrupt Link [LNKB] (IRQs 5 9 *10 11)
[    0.240117] ACPI: PCI Interrupt Link [LNKC] (IRQs 5 *9 10 11)
[    0.241187] ACPI: PCI Interrupt Link [LNKD] (IRQs 5 9 10 *11)
[    0.242463] SCSI subsystem initialized
[    0.244044] pci 0000:00:02.0: vgaarb: setting as boot VGA device
[    0.245473] pci 0000:00:02.0: vgaarb: VGA device added: decodes=io+mem,owns=io+mem,locks=none
[    0.246949] pci 0000:00:02.0: vgaarb: bridge control possible
[    0.248008] vgaarb: loaded
[    0.248506] ACPI: bus type USB registered
[    0.249400] usbcore: registered new interface driver usbfs
[    0.250638] usbcore: registered new interface driver hub
[    0.251571] usbcore: registered new device driver usb
[    0.252059] EDAC MC: Ver: 3.0.0
[    0.252804] PCI: Using ACPI for IRQ routing
[    0.252982] NetLabel: Initializing
[    0.253572] NetLabel:  domain hash size = 128
[    0.254367] NetLabel:  protocols = UNLABELED CIPSOv4 CALIPSO
[    0.256024] NetLabel:  unlabeled traffic allowed by default
[    0.257026] clocksource: Switched to clocksource kvm-clock
[    0.267471] VFS: Disk quotas dquot_6.6.0
[    0.268684] VFS: Dquot-cache hash table entries: 512 (order 0, 4096 bytes)
[    0.270316] AppArmor: AppArmor Filesystem Enabled
[    0.271331] pnp: PnP ACPI init
[    0.273169] pnp: PnP ACPI: found 3 devices
[    0.282097] clocksource: acpi_pm: mask: 0xffffff max_cycles: 0xffffff, max_idle_ns: 2085701024 ns
[    0.284121] NET: Registered protocol family 2
[    0.285241] TCP established hash table entries: 8192 (order: 4, 65536 bytes)
[    0.286845] TCP bind hash table entries: 8192 (order: 5, 131072 bytes)
[    0.289435] TCP: Hash tables configured (established 8192 bind 8192)
[    0.290833] UDP hash table entries: 512 (order: 2, 16384 bytes)
[    0.291903] UDP-Lite hash table entries: 512 (order: 2, 16384 bytes)
[    0.293115] NET: Registered protocol family 1
[    0.294399] pci 0000:00:00.0: Limiting direct PCI/PCI transfers
[    0.295472] pci 0000:00:01.0: Activating ISA DMA hang workarounds
[    0.296590] pci 0000:00:02.0: Video device with shadowed ROM at [mem 0x000c0000-0x000dffff]
[    0.298559] Unpacking initramfs...
[    0.547776] Freeing initrd memory: 19148K
[    0.549038] clocksource: tsc: mask: 0xffffffffffffffff max_cycles: 0x1fd3b81b95f, max_idle_ns: 440795257325 ns
[    0.551127] platform rtc_cmos: registered platform RTC device (no PNP device found)
[    0.552493] Scanning for low memory corruption every 60 seconds
[    0.553898] Initialise system trusted keyrings
[    0.555066] Key type blacklist registered
[    0.556178] workingset: timestamp_bits=36 max_order=18 bucket_order=0
[    0.557998] zbud: loaded
[    0.558802] squashfs: version 4.0 (2009/01/31) Phillip Lougher
[    0.559917] fuse init (API version 7.26)
[    0.562393] Key type asymmetric registered
[    0.563093] Asymmetric key parser 'x509' registered
[    0.563928] Block layer SCSI generic (bsg) driver version 0.4 loaded (major 246)
[    0.565284] io scheduler noop registered
[    0.566343] io scheduler deadline registered
[    0.567051] io scheduler cfq registered (default)
[    0.568225] ACPI: AC Adapter [AC] (off-line)
[    0.569387] input: Power Button as /devices/LNXSYSTM:00/LNXPWRBN:00/input/input0
[    0.571083] ACPI: Power Button [PWRF]
[    0.571751] input: Sleep Button as /devices/LNXSYSTM:00/LNXSLPBN:00/input/input1
[    0.572976] ACPI: Sleep Button [SLPF]
[    0.574635] ACPI: Battery Slot [BAT0] (battery present)
[    0.575663] Serial: 8250/16550 driver, 32 ports, IRQ sharing enabled
[    0.597827] 00:02: ttyS0 at I/O 0x3f8 (irq = 4, base_baud = 115200) is a 16550A
[    0.602833] Linux agpgart interface v0.103
[    0.605219] loop: module loaded
[    0.606162] scsi host0: ata_piix
[    0.606837] scsi host1: ata_piix
[    0.607396] ata1: PATA max UDMA/33 cmd 0x1f0 ctl 0x3f6 bmdma 0xd000 irq 14
[    0.608541] ata2: PATA max UDMA/33 cmd 0x170 ctl 0x376 bmdma 0xd008 irq 15
[    0.610584] libphy: Fixed MDIO Bus: probed
[    0.611416] tun: Universal TUN/TAP device driver, 1.6
[    0.612504] PPP generic driver version 2.4.2
[    0.613300] ehci_hcd: USB 2.0 'Enhanced' Host Controller (EHCI) Driver
[    0.614324] ehci-pci: EHCI PCI platform driver
[    0.615050] ehci-platform: EHCI generic platform driver
[    0.615883] ohci_hcd: USB 1.1 'Open' Host Controller (OHCI) Driver
[    0.616892] ohci-pci: OHCI PCI platform driver
[    0.617618] ohci-platform: OHCI generic platform driver
[    0.618450] uhci_hcd: USB Universal Host Controller Interface driver
[    0.619471] i8042: PNP: PS/2 Controller [PNP0303:PS2K,PNP0f03:PS2M] at 0x60,0x64 irq 1,12
[    0.621151] serio: i8042 KBD port at 0x60,0x64 irq 1
[    0.621966] serio: i8042 AUX port at 0x60,0x64 irq 12
[    0.622937] mousedev: PS/2 mouse device common for all mice
[    0.624537] input: AT Translated Set 2 keyboard as /devices/platform/i8042/serio0/input/input2
[    0.626052] rtc_cmos rtc_cmos: rtc core: registered rtc_cmos as rtc0
[    0.627088] rtc_cmos rtc_cmos: alarms up to one day, 114 bytes nvram
[    0.628127] i2c /dev entries driver
[    0.629151] device-mapper: uevent: version 1.0.3
[    0.630080] device-mapper: ioctl: 4.37.0-ioctl (2017-09-20) initialised: dm-devel@redhat.com
[    0.631463] ledtrig-cpu: registered to indicate activity on CPUs
[    0.632877] NET: Registered protocol family 10
[    0.636311] Segment Routing with IPv6
[    0.636932] NET: Registered protocol family 17
[    0.637714] Key type dns_resolver registered
[    0.638610] mce: Using 0 MCE banks
[    0.639187] RAS: Correctable Errors collector initialized.
[    0.640062] sched_clock: Marking stable (638591212, 0)->(775911989, -137320777)
[    0.641542] registered taskstats version 1
[    0.642218] Loading compiled-in X.509 certificates
[    0.644638] Loaded X.509 cert 'Build time autogenerated kernel key: 1859b0531897959199376c446a0bd70df75fd1fc'
[    0.646240] zswap: loaded using pool lzo/zbud
[    0.652713] Key type big_key registered
[    0.653862] Key type trusted registered
[    0.656337] Key type encrypted registered
[    0.657117] AppArmor: AppArmor sha1 policy hashing enabled
[    0.658080] ima: No TPM chip found, activating TPM-bypass! (rc=-19)
[    0.659086] ima: Allocated hash algorithm: sha1
[    0.659828] evm: HMAC attrs: 0x1
[    0.660862]   Magic number: 15:294:0
[    0.661993] rtc_cmos rtc_cmos: setting system clock to 2019-12-04 00:01:52 UTC (1575417712)
[    0.663494] BIOS EDD facility v0.16 2004-Jun-25, 0 devices found
[    0.664545] EDD information not available.
[    0.809031] Freeing unused kernel image memory: 2432K
[    0.829629] Write protecting the kernel read-only data: 20480k
[    0.831589] Freeing unused kernel image memory: 2008K
[    0.833107] Freeing unused kernel image memory: 1880K
[    0.840137] x86/mm: Checked W+X mappings: passed, no W+X pages found.
[    0.841833] x86/mm: Checking user space page tables
[    0.848513] x86/mm: Checked W+X mappings: passed, no W+X pages found.
Loading, please wait...
starting version 237
[    0.902622] e1000: Intel(R) PRO/1000 Network Driver - version 7.3.21-k8-NAPI
[    0.904265] e1000: Copyright (c) 1999-2006 Intel Corporation.
[    0.905335] Fusion MPT base driver 3.04.20
[    0.906036] Copyright (c) 1999-2008 LSI Corporation
[    0.915553] Fusion MPT SPI Host driver 3.04.20
[    0.919488] AVX2 version of gcm_enc/dec engaged.
[    0.920703] AES CTR mode by8 optimization enabled
[    1.117153] input: ImExPS/2 Generic Explorer Mouse as /devices/platform/i8042/serio1/input/input4
[    1.294258] e1000 0000:00:03.0 eth0: (PCI:33MHz:32-bit) 02:83:96:c1:64:f9
[    1.296152] e1000 0000:00:03.0 eth0: Intel(R) PRO/1000 Network Connection
[    1.298486] mptbase: ioc0: Initiating bringup
[    1.298557] e1000 0000:00:03.0 enp0s3: renamed from eth0
[    1.604341] ioc0: LSI53C1030 A0: Capabilities={Initiator}
[    2.522294] scsi host2: ioc0: LSI53C1030 A0, FwRev=00000000h, Ports=1, MaxQ=256, IRQ=20
[    4.062799] scsi 2:0:0:0: Direct-Access     VBOX     HARDDISK         1.0  PQ: 0 ANSI: 5
[    4.189420] scsi target2:0:0: Beginning Domain Validation
[    4.192234] scsi target2:0:0: Domain Validation skipping write tests
[    4.193733] scsi target2:0:0: Ending Domain Validation
[    4.194893] scsi target2:0:0: asynchronous
[    4.196102] scsi 2:0:1:0: Direct-Access     VBOX     HARDDISK         1.0  PQ: 0 ANSI: 5
[    4.509431] scsi target2:0:1: Beginning Domain Validation
[    4.512875] random: fast init done
[    4.513739] scsi target2:0:1: Domain Validation skipping write tests
[    4.515335] scsi target2:0:1: Ending Domain Validation
[    4.516584] scsi target2:0:1: asynchronous
[    4.520899] random: systemd-udevd: uninitialized urandom read (16 bytes read)
[    4.522419] random: systemd-udevd: uninitialized urandom read (16 bytes read)
[    4.524000] random: systemd-udevd: uninitialized urandom read (16 bytes read)
[    4.525885] sd 2:0:0:0: Attached scsi generic sg0 type 0
[    4.527481] sd 2:0:0:0: [sda] 20971520 512-byte logical blocks: (10.7 GB/10.0 GiB)
[    4.527644] sd 2:0:1:0: Attached scsi generic sg1 type 0
[    4.531354] sd 2:0:0:0: [sda] Write Protect is off
[    4.532667] sd 2:0:1:0: [sdb] 20480 512-byte logical blocks: (10.5 MB/10.0 MiB)
[    4.534475] sd 2:0:0:0: [sda] Incomplete mode parameter data
[    4.535588] sd 2:0:0:0: [sda] Assuming drive cache: write through
[    4.536798] sd 2:0:1:0: [sdb] Write Protect is off
[    4.537944] sd 2:0:1:0: [sdb] Incomplete mode parameter data
[    4.539381] sd 2:0:1:0: [sdb] Assuming drive cache: write through
[    4.541721]  sda: sda1
[    4.543544] sd 2:0:0:0: [sda] Attached SCSI disk
[    4.544518] sd 2:0:1:0: [sdb] Attached SCSI disk
Begin: Loading essential drivers ... [    5.940579] raid6: sse2x1   gen() 13456 MB/s
[    5.988258] raid6: sse2x1   xor()  9691 MB/s
[    6.036060] raid6: sse2x2   gen() 16328 MB/s
[    6.084213] raid6: sse2x2   xor() 11120 MB/s
[    6.132177] raid6: sse2x4   gen() 18626 MB/s
[    6.180112] raid6: sse2x4   xor() 11066 MB/s
[    6.228538] raid6: avx2x1   gen() 26672 MB/s
[    6.276035] raid6: avx2x1   xor() 18603 MB/s
[    6.324266] raid6: avx2x2   gen() 31684 MB/s
[    6.372252] raid6: avx2x2   xor() 20789 MB/s
[    6.420021] raid6: avx2x4   gen() 37912 MB/s
[    6.468229] raid6: avx2x4   xor() 22318 MB/s
[    6.469393] raid6: using algorithm avx2x4 gen() 37912 MB/s
[    6.470263] raid6: .... xor() 22318 MB/s, rmw enabled
[    6.471102] raid6: using avx2x2 recovery algorithm
[    6.472551] xor: automatically using best checksumming function   avx       
[    6.474671] async_tx: api initialized (async)
done.
Begin: Running /scripts/init-premount ... done.
Begin: Mounting root file system ... Begin: Running /scripts/local-top ... done.
Begin: Running /scripts/local-premount ... [    6.507778] Btrfs loaded, crc32c=crc32c-intel
Scanning for Btrfs filesystems
done.
Warning: fsck not present, so skipping root file system
[    6.529208] EXT4-fs (sda1): mounted filesystem with ordered data mode. Opts: (null)
done.
Begin: Running /scripts/local-bottom ... done.
Begin: Running /scripts/init-bottom ... done.
[    6.695748] ip_tables: (C) 2000-2006 Netfilter Core Team
[    6.703374] systemd[1]: systemd 237 running in system mode. (+PAM +AUDIT +SELINUX +IMA +APPARMOR +SMACK +SYSVINIT +UTMP +LIBCRYPTSETUP +GCRYPT +GNUTLS +ACL +XZ +LZ4 +SECCOMP +BLKID +ELFUTILS +KMOD -IDN2 +IDN -PCRE2 default-hierarchy=hybrid)
[    6.706965] systemd[1]: Detected virtualization oracle.
[    6.707871] systemd[1]: Detected architecture x86-64.

Welcome to [1mUbuntu 18.04.3 LTS[0m!

[    6.730145] systemd[1]: Set hostname to <ubuntu>.
[    6.734518] systemd[1]: Initializing machine ID from random generator.
[    6.735785] systemd[1]: Installed transient /etc/machine-id file.
[    6.964704] systemd[1]: Reached target Swap.
[[0;32m  OK  [0m] Reached target Swap.
[    6.966141] systemd[1]: Set up automount Arbitrary Executable File Formats File System Automount Point.
[[0;32m  OK  [0m] Set up automount Arbitrary Executabâ€¦rmats File System Automount Point.
[    6.989916] systemd[1]: Started Forward Password Requests to Wall Directory Watch.
[[0;32m  OK  [0m] Started Forward Password Requests to Wall Directory Watch.
[    6.992678] systemd[1]: Reached target System Time Synchronized.
[[0;32m  OK  [0m] Reached target System Time Synchronized.
[[0;32m  OK  [0m] Created slice System Slice.
[[0;32m  OK  [0m] Listening on LVM2 poll daemon socket.
[[0;32m  OK  [0m] Listening on udev Control Socket.
[[0;32m  OK  [0m] Listening on /dev/initctl Compatibility Named Pipe.
[[0;32m  OK  [0m] Listening on Journal Socket.
         Mounting POSIX Message Queue File System...
         Starting Uncomplicated firewall...
[[0;32m  OK  [0m] Listening on Network Service Netlink Socket.
[[0;32m  OK  [0m] Listening on Device-mapper event daemon FIFOs.
         Starting Create list of required stâ€¦ce nodes for the current kernel...
         Starting Remount Root and Kernel File Systems...
[    7.064734] EXT4-fs (sda1): re-mounted. Opts: (null)
[[0;32m  OK  [0m] Listening on Journal Socket (/dev/log).
[[0;32m  OK  [0m] Listening on Journal Audit Socket.
         Mounting Kernel Debug File System...
[[0;32m  OK  [0m] Created slice system-serial\x2dgetty.slice.
[[0;32m  OK  [0m] Listening on udev Kernel Socket.
         Mounting Huge Pages File System...
[[0;32m  OK  [0m] Listening on Syslog Socket.
         Starting Journal Service...
         Starting Load Kernel Modules...
         Starting udev Coldplug all Devices...
         Starting Set the console keyboard layout...
[[0;32m  OK  [0m] Reached target User and Group Name Lookups.
[[0;32m  OK  [0m] Created slice User and Session Slice.
[[0;32m  OK  [0m] Reached target Slices.
[[0;32m  OK  [0m] Listening on LVM2 metadata daemon socket.
         Starting Monitoring of LVM2 mirrorsâ€¦ng dmeventd or progress polling...
[    7.146358] Loading iSCSI transport class v2.0-870.
[    7.153897] iscsi: registered transport (tcp)
[[0;32m  OK  [0m] Mounted POSIX Message Queue File System.
[[0;32m  OK  [0m] Started Uncomplicated firewall.
[[0;32m  OK  [0m] Started Create list of required staâ€¦vice nodes for the current kernel.
[[0;32m  OK  [0m] Started Remount Root and Kernel File Systems.
[[0;32m  OK  [0m] Mounted Kernel Debug File System.
[[0;32m  OK  [0m] Mounted Huge Pages File System.
[    7.169291] iscsi: registered transport (iser)
[[0;32m  OK  [0m] Started Load Kernel Modules.
         Mounting FUSE Control File System...
         Starting Apply Kernel Variables...
         Mounting Kernel Configuration File System...
         Starting Load/Save Random Seed...
         Starting Create Static Device Nodes in /dev...
[[0;32m  OK  [0m] Started Journal Service.
[[0;32m  OK  [0m] Mounted FUSE Control File System.
[[0;32m  OK  [0m] Started Apply Kernel Variables.
[[0;32m  OK  [0m] Mounted Kernel Configuration File System.
[[0;32m  OK  [0m] Started LVM2 metadata daemon.
         Starting Flush Journal to Persistent Storage...
[[0;32m  OK  [0m] Started Load/Save Random Seed.
[[0;32m  OK  [0m] Started Create Static Device Nodes in /dev.
         Starting udev Kernel Device Manager...
[[0;32m  OK  [0m] Started udev Coldplug all Devices.
[[0;32m  OK  [0m] Started Monitoring of LVM2 mirrors,â€¦sing dmeventd or progress polling.
[[0;32m  OK  [0m] Started udev Kernel Device Manager.
[[0;32m  OK  [0m] Started Flush Journal to Persistent Storage.
[[0;32m  OK  [0m] Started Set the console keyboard layout.
[[0;32m  OK  [0m] Started Dispatch Password Requests to Console Directory Watch.
[[0;32m  OK  [0m] Reached target Local Encrypted Volumes.
[[0;32m  OK  [0m] Reached target Local File Systems (Pre).
[[0;32m  OK  [0m] Reached target Local File Systems.
         Starting Set console font and keymap...
         Starting Create Volatile Files and Directories...
         Starting AppArmor initialization...
         Starting Commit a transient machine-id on disk...
         Starting Tell Plymouth To Write Out Runtime Data...
         Starting ebtables ruleset management...
[[0;32m  OK  [0m] Started Set console font and keymap.
[[0;32m  OK  [0m] Started Create Volatile Files and Directories.
[[0;32m  OK  [0m] Started Tell Plymouth To Write Out Runtime Data.
[[0;32m  OK  [0m] Found device /dev/ttyS0.
[[0;32m  OK  [0m] Started Commit a transient machine-id on disk.
[[0;32m  OK  [0m] Listening on Load/Save RF Kill Switch Status /dev/rfkill Watch.
         Starting Update UTMP about System Boot/Shutdown...
[[0;32m  OK  [0m] Started Update UTMP about System Boot/Shutdown.
[[0;32m  OK  [0m] Started ebtables ruleset management.
[[0;32m  OK  [0m] Started AppArmor initialization.
         Starting Initial cloud-init job (pre-networking)...
[    9.022086] cloud-init[548]: Cloud-init v. 19.2-36-g059d049c-0ubuntu2~18.04.1 running 'init-local' at Wed, 04 Dec 2019 00:02:00 +0000. Up 8.71 seconds.
[[0;32m  OK  [0m] Started Initial cloud-init job (pre-networking).
[[0;32m  OK  [0m] Reached target Network (Pre).
         Starting Network Service...
[[0;32m  OK  [0m] Started Network Service.
         Starting Wait for Network to be Configured...
         Starting Network Name Resolution...
[[0;32m  OK  [0m] Started Network Name Resolution.
[[0;32m  OK  [0m] Reached target Host and Network Name Lookups.
[[0;32m  OK  [0m] Reached target Network.
[[0;32m  OK  [0m] Started Wait for Network to be Configured.
         Starting Initial cloud-init job (metadata service crawler)...
[   10.777215] cloud-init[660]: Cloud-init v. 19.2-36-g059d049c-0ubuntu2~18.04.1 running 'init' at Wed, 04 Dec 2019 00:02:02 +0000. Up 10.65 seconds.
[   10.778804] cloud-init[660]: ci-info: ++++++++++++++++++++++++++++++++++++++Net device info++++++++++++++++++++++++++++++++++++++
[   10.780276] cloud-init[660]: ci-info: +--------+------+----------------------------+---------------+--------+-------------------+
[   10.792214] cloud-init[660]: ci-info: | Device |  Up  |          Address           |      Mask     | Scope  |     Hw-Address    |
[   10.804819] cloud-init[660]: ci-info: +--------+------+----------------------------+---------------+--------+-------------------+
[   10.806147] cloud-init[660]: ci-info: | enp0s3 | True |         10.0.2.15          | 255.255.255.0 | global | 02:83:96:c1:64:f9 |
[   10.807491] cloud-init[660]: ci-info: | enp0s3 | True | fe80::83:96ff:fec1:64f9/64 |       .       |  link  | 02:83:96:c1:64:f9 |
[   10.820403] cloud-init[660]: ci-info: |   lo   | True |         127.0.0.1          |   255.0.0.0   |  host  |         .         |
[   10.821792] cloud-init[660]: ci-info: |   lo   | True |          ::1/128           |       .       |  host  |         .         |
[   10.823528] cloud-init[660]: ci-info: +--------+------+----------------------------+---------------+--------+-------------------+
[   10.825502] cloud-init[660]: ci-info: ++++++++++++++++++++++++++++Route IPv4 info+++++++++++++++++++++++++++++
[   10.826862] cloud-init[660]: ci-info: +-------+-------------+----------+-----------------+-----------+-------+
[   10.836233] cloud-init[660]: ci-info: | Route | Destination | Gateway  |     Genmask     | Interface | Flags |
[   10.848309] cloud-init[660]: ci-info: +-------+-------------+----------+-----------------+-----------+-------+
[   10.849268] cloud-init[660]: ci-info: |   0   |   0.0.0.0   | 10.0.2.2 |     0.0.0.0     |   enp0s3  |   UG  |
[   10.860233] cloud-init[660]: ci-info: |   1   |   10.0.2.0  | 0.0.0.0  |  255.255.255.0  |   enp0s3  |   U   |
[   10.872237] cloud-init[660]: ci-info: |   2   |   10.0.2.2  | 0.0.0.0  | 255.255.255.255 |   enp0s3  |   UH  |
[   10.884160] cloud-init[660]: ci-info: +-------+-------------+----------+-----------------+-----------+-------+
[   10.885271] cloud-init[660]: ci-info: +++++++++++++++++++Route IPv6 info+++++++++++++++++++
[   10.886284] cloud-init[660]: ci-info: +-------+-------------+---------+-----------+-------+
[   10.887561] cloud-init[660]: ci-info: | Route | Destination | Gateway | Interface | Flags |
[   10.888845] cloud-init[660]: ci-info: +-------+-------------+---------+-----------+-------+
[   10.900205] cloud-init[660]: ci-info: |   1   |  fe80::/64  |    ::   |   enp0s3  |   U   |
[   10.901169] cloud-init[660]: ci-info: |   3   |    local    |    ::   |   enp0s3  |   U   |
[   10.901880] cloud-init[660]: ci-info: |   4   |   ff00::/8  |    ::   |   enp0s3  |   U   |
[   10.903861] cloud-init[660]: ci-info: +-------+-------------+---------+-----------+-------+
[   11.954299] cloud-init[660]: Generating public/private rsa key pair.
[   11.955312] cloud-init[660]: Your identification has been saved in /etc/ssh/ssh_host_rsa_key.
[   11.956693] cloud-init[660]: Your public key has been saved in /etc/ssh/ssh_host_rsa_key.pub.
[   11.968246] cloud-init[660]: The key fingerprint is:
[   11.968855] cloud-init[660]: SHA256:lgXzmtStfBuIHJUrAItrVTSad5E3COeDIAvN/wh5IlM root@ubuntu-bionic
[   11.981070] cloud-init[660]: The key's randomart image is:
[   11.997255] cloud-init[660]: +---[RSA 2048]----+
[[0;32m  OK  [0m] Started Initial cloud-init job (metadata service crawler).
[   12.014020] [[0;32m  OK  [0m] Reached target Network is Online.
[[0;32m  OK  [0m] Reached target Remote File Systems (Pre).
[[0;32m  OK  [0m] Reached target Remote File Systems.
cloud-init[660]:          Starting Availability of block devices...
[[0;32m  OK  [0m] Reached target Cloud-config availability.
[[0;32m  OK  [0m] Reached target System Initialization.
[[0;32m  OK  [0m] Started Daily apt download activities.
|.o. oo=.=o..     |
[   12.023695] cloud-init[660]: | .E+ *.=oB+.     |
[   12.024595] cloud-init[[0;32m  OK  [0m] Started ACPI Events Check.
[[0;32m  OK  [0m] Listening on UUID daemon activation socket.
[660]:          Starting LXD - unix socket.
[[0;32m  OK  [0m] Started Daily apt upgrade and clean activities.
[[0;32m  OK  [0m] Reached target Paths.
[[0;32m  OK  [0m] Listening on Open-iSCSI iscsid Socket.
[[0;32m  OK  [0m] Listening on D-Bus System Message Bus Socket.
[[0;32m  OK  [0m] Listening on ACPID Listen Socket.
[[0;32m  OK  [0m] Started Daily Cleanup of Temporary Directories.
[[0;32m  OK  [0m] Started Message of the Day.
         Starting Socket activation for snappy daemon.
[[0;32m  OK  [0m] Started Discard unused blocks once a week.
[[0;32m  OK  [0m] Reached target Timers.
| .oo= o.*.+o.    |
[   12.035607] [[0;32m  OK  [0m] Started Availability of block devices.
[[0;32m  OK  [0m] Listening on Socket activation for snappy daemon.
cloud-init[660]: |o +oo. +.X.o     |
[   12.038878] cloud-init[660]: | oo+ o  S.+ o    |
[   12.052297] [[0;32m  OK  [0m] Listening on LXD - unix socket.
[[0;32m  OK  [0m] Reached target Sockets.
[[0;32m  OK  [0m] Reached target Basic System.
cloud-init[660]: | .  . ..   . o   |
[   12.055237] cloud-init[660]: |            .    |
[[0;32m  OK  [0m] Started Deferred execution scheduler.
[   12.057459]          Starting Permit User Sessions...
         Starting LSB: Record successful boot for GRUB...
         Starting LXD - container startup/shutdown...
cloud-init[660]: |                 |
[   12.062821] cloud-init[660]: |                 |         Starting Pollinate to seed the pseudo random number generator...
         Starting Virtualbox guest utils...

         Starting System Logging Service...
[   12.068225] cloud-init[660]: +----[SHA256]-----+
[[0;32m  OK  [0m] Started FUSE filesystem for LXC.
[   12.071610] cloud-init[660]: Generating public/private dsa key pair.
[   12.073556]          cloud-initStarting LSB: automatic crash report generation...[660]: 
Your identification has been saved in /etc/ssh/ssh_host_dsa_key.
[   12.075117] cloud-init[660]: Your public key has been saved in /etc/ssh/ssh_host_dsa_key.pub.
[   12.088294] cloud-init[660]: The key fingerprint is:
[   12.088870] cloud-init[660]: SHA256:rcPlaywiA8KP/yggsSlALI6eLhrSeWqVs5+xsi545m0 root@ubuntu-bionic
[   12.090275] cloud-init[660]: The key's randomart image is:
[   12.104234] cloud-init[660]: +---[DSA 1024]----+
[   12.105055] cloud-init[660]: |.                |
[   12.105891] cloud-init[660]: |.o               |
[   12.106758] cloud-init[660]: |=                |
[   12.107528] cloud-init[660]: |+.       .       |
[   12.120185] cloud-init[660]: |++.  .  S o      |
[   12.121021] cloud-init[660]: |B=..+  . +       |
[   12.121865] cloud-init[660]: |Bo=o.o. +..      |
[   12.122802] cloud-init[660]: |+===E .+..o.     |
[   12.123488] cloud-init[660]: |+==*=B+. o.      |
[   12.124355] cloud-init[660]: +----[SHA256]-----+
[   12.125046] cloud-init[660]: Generating public/private ecdsa key pair.
[   12.126537] cloud-init[660]: Your identification has been saved in /etc/ssh/ssh_host_ecdsa_key.
[   12.128111] cloud-init[660]: Your public key has been saved in /etc/ssh/ssh_host_ecdsa_key.pub.
[   12.129319] cloud-init[660]: The key fingerprint is:
[   12.130055] cloud-init[660]: SHA256:UUdMkKjVAWW9KzfXZC1taEfqyBrZBczsTZZ4OomD0qY root@ubuntu-bionic
[   12.131429] cloud-init[660]: The key's randomart image is:
[   12.132197] cloud-init[660]: +---[ECDSA 256]---+
[   12.132861] cloud-init[660]: |        .=*%+. . |
[   12.133493] cloud-init[660]: |        ooo.O = .|
[   12.134162] cloud-init[660]: |       +.. o X =.|
[   12.134847] cloud-init[660]: |      o +.o * B B|
[   12.135638] cloud-init[660]: |       +S  = B B |
[   12.136383] cloud-init[660]: |      E   + B o .|
[   12.137067] cloud-init[660]: |           = o   |
[   12.137772] cloud-init[660]: |          .      |
[   12.138515] cloud-init[660]: |                 |
[   12.139187] cloud-init[660]: +----[SHA256]-----+
[   12.139949] cloud-init[660]: Generating public/private ed25519 key pair.
[   12.143008] cloud-init[660]: Your identification has been saved in /etc/ssh/ssh_host_ed25519_key.
[   12.144415] cloud-init[660]: Your public key has been saved in /etc/ssh/ssh_host_ed25519_key.pub.
[   12.146013] cloud-init[660]: The key fingerprint is:
[   12.146944] cloud-init[660]: SHA256:7l7Mts2aPsnXNaTQc9PYaT/qaEx0VmnPiCkAphSjONo root@ubuntu-bionic
[   12.148896] cloud-init[660]: The key's randomart image is:
[   12.149720] cloud-init[660]: +--[ED25519 256]--+
[   12.150401] cloud-init[660]: |    +.o.        .|
[   12.151126] cloud-init[660]: | . o +  .      + |
[   12.160161] cloud-init[660]: |o . .    .  .oo=+|
[   12.160843] cloud-init[660]: |.o        .oo=o*=|
[   12.161498] cloud-init[660]: |. E     S ..+ * o|
[   12.162167] cloud-init[660]: |       . o . . oo|
[   12.162817] cloud-init[660]: |        ..B. ...o|
[   12.163475] cloud-init[660]: |       . o+Bo..  |
[   12.164580] cloud-init[660]: |       .o.*=+.   |
[   12.165266] cloud-init[660]: +----[SHA256]-----+
[[0;32m  OK  [0m] Started Regular background program processing daemon.
         Starting Snappy daemon...
         Starting Login Service...
[[0;32m  OK  [0m] Started D-Bus System Message Bus.
[[0;32m  OK  [0m] Started irqbalance daemon.
         Starting Accounts Service...
         Starting Dispatcher daemon for systemd-networkd...
[[0;32m  OK  [0m] Started System Logging Service.
[[0;32m  OK  [0m] Started Permit User Sessions.
[[0;32m  OK  [0m] Started LXD - container startup/shutdown.
[[0;32m  OK  [0m] Started Login Service.
[[0;32m  OK  [0m] Started Unattended Upgrades Shutdown.
         Starting Terminate Plymouth Boot Screen...
         Starting Hold until boot process finishes up...
[[0;32m  OK  [0m] Started Hold until boot process finishes up.
         Starting Set console scheme...
[[0;32m  OK  [0m] Started Serial Getty on ttyS0.
[[0;32m  OK  [0m] Started Terminate Plymouth Boot Screen.
[[0;32m  OK  [0m] Started Set console scheme.
[[0;32m  OK  [0m] Created slice system-getty.slice.
[[0;32m  OK  [0m] Started Getty on tty1.
[[0;32m  OK  [0m] Reached target Login Prompts.
[[0;32m  OK  [0m] Started LSB: automatic crash report generation.
         Starting Authorization Manager...
[[0;32m  OK  [0m] Started LSB: Record successful boot for GRUB.
[[0;32m  OK  [0m] Started Virtualbox guest utils.
[[0;32m  OK  [0m] Started Authorization Manager.
[[0;32m  OK  [0m] Started Accounts Service.
[[0;32m  OK  [0m] Started Dispatcher daemon for systemd-networkd.
[[0;32m  OK  [0m] Started Snappy daemon.
         Starting Wait until snapd is fully seeded...
[[0;32m  OK  [0m] Started Pollinate to seed the pseudo random number generator.
         Starting OpenBSD Secure Shell server...
[[0;32m  OK  [0m] Started OpenBSD Secure Shell server.
[[0;32m  OK  [0m] Created slice User Slice of vagrant.
         Starting User Manager for UID 1000...
[[0;32m  OK  [0m] Started Session 1 of user vagrant.
[[0;32m  OK  [0m] Started User Manager for UID 1000.
[[0;32m  OK  [0m] Started Wait until snapd is fully seeded.
         Starting Apply the settings specified in cloud-config...
[[0;32m  OK  [0m] Reached target Multi-User System.
[[0;32m  OK  [0m] Reached target Graphical Interface.
         Starting Update UTMP about System Runlevel Changes...
[[0;32m  OK  [0m] Started Update UTMP about System Runlevel Changes.
[   16.927377] cloud-init[1228]: Cloud-init v. 19.2-36-g059d049c-0ubuntu2~18.04.1 running 'modules:config' at Wed, 04 Dec 2019 00:02:08 +0000. Up 16.38 seconds.
[[0;32m  OK  [0m] Started Apply the settings specified in cloud-config.
         Starting Execute cloud user/final scripts...
ci-info: no authorized ssh keys fingerprints found for user ubuntu.
<14>Dec  4 00:02:09 ec2: 
<14>Dec  4 00:02:09 ec2: #############################################################
<14>Dec  4 00:02:09 ec2: -----BEGIN SSH HOST KEY FINGERPRINTS-----
<14>Dec  4 00:02:09 ec2: 1024 SHA256:rcPlaywiA8KP/yggsSlALI6eLhrSeWqVs5+xsi545m0 root@ubuntu-bionic (DSA)
<14>Dec  4 00:02:09 ec2: 256 SHA256:UUdMkKjVAWW9KzfXZC1taEfqyBrZBczsTZZ4OomD0qY root@ubuntu-bionic (ECDSA)
<14>Dec  4 00:02:09 ec2: 256 SHA256:7l7Mts2aPsnXNaTQc9PYaT/qaEx0VmnPiCkAphSjONo root@ubuntu-bionic (ED25519)
<14>Dec  4 00:02:09 ec2: 2048 SHA256:lgXzmtStfBuIHJUrAItrVTSad5E3COeDIAvN/wh5IlM root@ubuntu-bionic (RSA)
<14>Dec  4 00:02:09 ec2: -----END SSH HOST KEY FINGERPRINTS-----
<14>Dec  4 00:02:09 ec2: #############################################################
-----BEGIN SSH HOST KEY KEYS-----
ecdsa-sha2-nistp256 AAAAE2VjZHNhLXNoYTItbmlzdHAyNTYAAAAIbmlzdHAyNTYAAABBBEE3FvgAepixDf4oY1YzS6eXhlwS1e6t2ZCcwGNa8By0OmwEzFm2RPWfEjUdmy9keLfRXagoU21zsBVCsqvTpyk= root@ubuntu-bionic
ssh-ed25519 AAAAC3NzaC1lZDI1NTE5AAAAIKuCZiWR6DIG/cYOROGES0LR0dyjij0VZgnZjHbhBcp3 root@ubuntu-bionic
ssh-rsa AAAAB3NzaC1yc2EAAAADAQABAAABAQDISz/cMpq6o826mbbVXUOH95qgvzX2NEW25pIZX+AidVrsiVJwJYNdlJ+OAwQm+g/k3DaXpPwMk7WYCMn1C/gmJV4eF7cjJBborryPuW1AeEaKP5/nkcOzqD+ydPU80HvRhMaQnLfVdspZIGkZR+plrB5Yo42JwlJQaPzaJ22PcKC1sWe8GlouG1ljoD5MTfYCJKhcYCZ8xwfYiLbe4vDvDEm/RpAG+oFoFAoaoa8HterevxLCuP7tEUjiuWvcO5/p65hWCS9mBC+Un0E/pX11YAHIxdQH9oUS0/1EU2Ip81ZuwBLpyG5TxKNFCfkk26wuHjXu3pRN/cQq49/wRwl7 root@ubuntu-bionic
-----END SSH HOST KEY KEYS-----
[   17.404219] cloud-init[1328]: Cloud-init v. 19.2-36-g059d049c-0ubuntu2~18.04.1 running 'modules:final' at Wed, 04 Dec 2019 00:02:09 +0000. Up 17.25 seconds.
[   17.416176] cloud-init[1328]: ci-info: no authorized ssh keys fingerprints found for user ubuntu.
[   17.433758] cloud-init[1328]: Cloud-init v. 19.2-36-g059d049c-0ubuntu2~18.04.1 finished at Wed, 04 Dec 2019 00:02:09 +0000. Datasource DataSourceNoCloud [seed=/dev/sdb][dsmode=net].  Up 17.39 seconds
[[0;32m  OK  [0m] Started Execute cloud user/final scripts.
[[0;32m  OK  [0m] Reached target Cloud-init target.

Ubuntu 18.04.3 LTS ubuntu-bionic ttyS0

ubuntu-bionic login: 